Archive member included because of file (symbol)

/tools/pkg/sourcery-g++-lite-arm-eabi-2010.09.51-i686-1/bin/../lib/gcc/arm-none-eabi/4.5.1/../../../../arm-none-eabi/lib/thumb2/libcs3.a(start_c.o)
                              (__cs3_start_c)
/tools/pkg/sourcery-g++-lite-arm-eabi-2010.09.51-i686-1/bin/../lib/gcc/arm-none-eabi/4.5.1/../../../../arm-none-eabi/lib/thumb2/libc.a(lib_a-init.o)
                              /tools/pkg/sourcery-g++-lite-arm-eabi-2010.09.51-i686-1/bin/../lib/gcc/arm-none-eabi/4.5.1/../../../../arm-none-eabi/lib/thumb2/libcs3.a(start_c.o) (__libc_init_array)
/tools/pkg/sourcery-g++-lite-arm-eabi-2010.09.51-i686-1/bin/../lib/gcc/arm-none-eabi/4.5.1/../../../../arm-none-eabi/lib/thumb2/libc.a(lib_a-strlen.o)
                              serial.o (strlen)
/home/david/micromouse/cmsis/lib/libDriversLPC17xxgnu.a(lpc17xx_pinsel.o)
                              serial.o (PINSEL_ConfigPin)
/home/david/micromouse/cmsis/lib/libDriversLPC17xxgnu.a(lpc17xx_uart.o)
                              serial.o (UART_Init)
/home/david/micromouse/cmsis/lib/libDriversLPC17xxgnu.a(lpc17xx_clkpwr.o)
                              /home/david/micromouse/cmsis/lib/libDriversLPC17xxgnu.a(lpc17xx_uart.o) (CLKPWR_GetPCLK)
/home/david/micromouse/cmsis/lib/libDriversLPC17xxgnu.a(lpc17xx_libcfg_default.o)
                              /home/david/micromouse/cmsis/lib/libDriversLPC17xxgnu.a(lpc17xx_uart.o) (check_failed)

Memory Configuration

Name             Origin             Length             Attributes
rom              0x00000000         0x00080000         xr
ram              0x10000000         0x00008000         xrw
ram1             0x2007c000         0x00004000         xrw
ram2             0x20080000         0x00004000         xrw
*default*        0x00000000         0xffffffff

Linker script and memory map

LOAD /tools/pkg/sourcery-g++-lite-arm-eabi-2010.09.51-i686-1/bin/../lib/gcc/arm-none-eabi/4.5.1/thumb2/crti.o
LOAD /tools/pkg/sourcery-g++-lite-arm-eabi-2010.09.51-i686-1/bin/../lib/gcc/arm-none-eabi/4.5.1/thumb2/crtbegin.o
START GROUP
LOAD /tools/pkg/sourcery-g++-lite-arm-eabi-2010.09.51-i686-1/bin/../lib/gcc/arm-none-eabi/4.5.1/thumb2/libgcc.a
LOAD /tools/pkg/sourcery-g++-lite-arm-eabi-2010.09.51-i686-1/bin/../lib/gcc/arm-none-eabi/4.5.1/../../../../arm-none-eabi/lib/thumb2/libc.a
LOAD /tools/pkg/sourcery-g++-lite-arm-eabi-2010.09.51-i686-1/bin/../lib/gcc/arm-none-eabi/4.5.1/../../../../arm-none-eabi/lib/thumb2/libcs3.a
LOAD /tools/pkg/sourcery-g++-lite-arm-eabi-2010.09.51-i686-1/bin/../lib/gcc/arm-none-eabi/4.5.1/../../../../arm-none-eabi/lib/thumb2/libcs3unhosted.a
LOAD /tools/pkg/sourcery-g++-lite-arm-eabi-2010.09.51-i686-1/bin/../lib/gcc/arm-none-eabi/4.5.1/../../../../arm-none-eabi/lib/thumb2/libcs3micro.a
END GROUP
                0x10008000                PROVIDE (__cs3_stack, (__cs3_region_start_ram + __cs3_region_size_ram))
                0x00007fe8                PROVIDE (__cs3_stack_size, ((__cs3_region_start_ram + __cs3_region_size_ram) - _end))
                0x10000018                PROVIDE (__cs3_heap_start, _end)
                0x10008000                PROVIDE (__cs3_heap_end, (__cs3_region_start_ram + __cs3_region_size_ram))

.text           0x00000000     0x2588
 CREATE_OBJECT_SYMBOLS
                0x00000000                __cs3_region_start_rom = .
 *(.cs3.region-head.rom)
                0x00000000                __cs3_interrupt_vector = __cs3_interrupt_vector_cortex_m
 *(.cs3.interrupt_vector)
 .cs3.interrupt_vector
                0x00000000       0xcc /home/david/micromouse/cmsis/lib/startup_LPC17xx.o
                0x00000000                __cs3_interrupt_vector_cortex_m
                0x00000001                ASSERT ((. != __cs3_interrupt_vector_cortex_m), No interrupt vector)
 *(.rom)
 *(.rom.b)
                0x000000cc                __cs3_reset = __cs3_reset_cortex_m
 *(.cs3.reset)
 .cs3.reset     0x000000cc       0x10 /home/david/micromouse/cmsis/lib/startup_LPC17xx.o
                0x000000cc                __cs3_reset_cortex_m
                0x00000001                ASSERT ((. != __cs3_reset), No reset code)
 *(.text .text.* .gnu.linkonce.t.*)
 .text          0x000000dc        0x0 /tools/pkg/sourcery-g++-lite-arm-eabi-2010.09.51-i686-1/bin/../lib/gcc/arm-none-eabi/4.5.1/thumb2/crti.o
 .text          0x000000dc       0x30 /tools/pkg/sourcery-g++-lite-arm-eabi-2010.09.51-i686-1/bin/../lib/gcc/arm-none-eabi/4.5.1/thumb2/crtbegin.o
 .text          0x0000010c       0x30 /tools/pkg/sourcery-g++-lite-arm-eabi-2010.09.51-i686-1/bin/../lib/gcc/arm-none-eabi/4.5.1/../../../../arm-none-eabi/lib/thumb2/libcs3.a(start_c.o)
                0x0000010c                __cs3_premain
 .text.cs3.init
                0x0000013c       0x50 /tools/pkg/sourcery-g++-lite-arm-eabi-2010.09.51-i686-1/bin/../lib/gcc/arm-none-eabi/4.5.1/../../../../arm-none-eabi/lib/thumb2/libcs3.a(start_c.o)
                0x0000013c                __cs3_start_c
 .text          0x0000018c       0x50 /tools/pkg/sourcery-g++-lite-arm-eabi-2010.09.51-i686-1/bin/../lib/gcc/arm-none-eabi/4.5.1/../../../../arm-none-eabi/lib/thumb2/libc.a(lib_a-init.o)
                0x0000018c                __libc_init_array
 .text          0x000001dc        0x0 serial.o
 .text.main     0x000001dc       0x28 serial.o
                0x000001dc                main
 .text.read_usb_serial_none_blocking
                0x00000204       0x2c serial.o
                0x00000204                read_usb_serial_none_blocking
 .text.write_usb_serial_blocking
                0x00000230       0x2c serial.o
                0x00000230                write_usb_serial_blocking
 .text.serial_init
                0x0000025c       0x90 serial.o
                0x0000025c                serial_init
 .text          0x000002ec        0x0 /home/david/micromouse/cmsis/lib/core_cm3.o
 .text          0x000002ec        0x0 /home/david/micromouse/cmsis/lib/system_LPC17xx.o
 .text.SystemCoreClockUpdate
                0x000002ec      0x228 /home/david/micromouse/cmsis/lib/system_LPC17xx.o
                0x000002ec                SystemCoreClockUpdate
 .text.SystemInit
                0x00000514      0x240 /home/david/micromouse/cmsis/lib/system_LPC17xx.o
                0x00000514                SystemInit
 .text          0x00000754       0x14 /home/david/micromouse/cmsis/lib/startup_LPC17xx.o
                0x00000754                NMI_Handler
                0x00000756                HardFault_Handler
                0x00000758                MemManage_Handler
                0x0000075a                BusFault_Handler
                0x0000075c                UsageFault_Handler
                0x0000075e                SVC_Handler
                0x00000760                DebugMon_Handler
                0x00000762                PendSV_Handler
                0x00000764                SysTick_Handler
                0x00000766                TIMER2_IRQHandler
                0x00000766                RIT_IRQHandler
                0x00000766                I2C0_IRQHandler
                0x00000766                USBActivity_IRQHandler
                0x00000766                PWM1_IRQHandler
                0x00000766                I2C1_IRQHandler
                0x00000766                EINT2_IRQHandler
                0x00000766                UART1_IRQHandler
                0x00000766                EINT3_IRQHandler
                0x00000766                CANActivity_IRQHandler
                0x00000766                TIMER3_IRQHandler
                0x00000766                UART0_IRQHandler
                0x00000766                PLL0_IRQHandler
                0x00000766                CAN_IRQHandler
                0x00000766                PLL1_IRQHandler
                0x00000766                SSP0_IRQHandler
                0x00000766                I2S_IRQHandler
                0x00000766                I2C2_IRQHandler
                0x00000766                RTC_IRQHandler
                0x00000766                TIMER0_IRQHandler
                0x00000766                SPI_IRQHandler
                0x00000766                EINT1_IRQHandler
                0x00000766                TIMER1_IRQHandler
                0x00000766                UART2_IRQHandler
                0x00000766                Default_Handler
                0x00000766                ADC_IRQHandler
                0x00000766                SSP1_IRQHandler
                0x00000766                USB_IRQHandler
                0x00000766                BOD_IRQHandler
                0x00000766                WDT_IRQHandler
                0x00000766                QEI_IRQHandler
                0x00000766                EINT0_IRQHandler
                0x00000766                DMA_IRQHandler
                0x00000766                UART3_IRQHandler
                0x00000766                MCPWM_IRQHandler
                0x00000766                ENET_IRQHandler
 .text          0x00000768       0x60 /tools/pkg/sourcery-g++-lite-arm-eabi-2010.09.51-i686-1/bin/../lib/gcc/arm-none-eabi/4.5.1/../../../../arm-none-eabi/lib/thumb2/libc.a(lib_a-strlen.o)
                0x00000768                strlen
 .text          0x000007c8        0x0 /home/david/micromouse/cmsis/lib/libDriversLPC17xxgnu.a(lpc17xx_pinsel.o)
 .text.set_PinFunc
                0x000007c8       0xa0 /home/david/micromouse/cmsis/lib/libDriversLPC17xxgnu.a(lpc17xx_pinsel.o)
 .text.set_ResistorMode
                0x00000868       0xa0 /home/david/micromouse/cmsis/lib/libDriversLPC17xxgnu.a(lpc17xx_pinsel.o)
 .text.set_OpenDrainMode
                0x00000908       0x80 /home/david/micromouse/cmsis/lib/libDriversLPC17xxgnu.a(lpc17xx_pinsel.o)
 .text.PINSEL_ConfigTraceFunc
                0x00000988       0x54 /home/david/micromouse/cmsis/lib/libDriversLPC17xxgnu.a(lpc17xx_pinsel.o)
                0x00000988                PINSEL_ConfigTraceFunc
 .text.PINSEL_SetI2C0Pins
                0x000009dc       0x3c /home/david/micromouse/cmsis/lib/libDriversLPC17xxgnu.a(lpc17xx_pinsel.o)
                0x000009dc                PINSEL_SetI2C0Pins
 .text.PINSEL_ConfigPin
                0x00000a18       0x54 /home/david/micromouse/cmsis/lib/libDriversLPC17xxgnu.a(lpc17xx_pinsel.o)
                0x00000a18                PINSEL_ConfigPin
 .text          0x00000a6c        0x0 /home/david/micromouse/cmsis/lib/libDriversLPC17xxgnu.a(lpc17xx_uart.o)
 .text.uart_set_divisors
                0x00000a6c      0x26c /home/david/micromouse/cmsis/lib/libDriversLPC17xxgnu.a(lpc17xx_uart.o)
 .text.UART_Init
                0x00000cd8      0x368 /home/david/micromouse/cmsis/lib/libDriversLPC17xxgnu.a(lpc17xx_uart.o)
                0x00000cd8                UART_Init
 .text.UART_DeInit
                0x00001040       0xcc /home/david/micromouse/cmsis/lib/libDriversLPC17xxgnu.a(lpc17xx_uart.o)
                0x00001040                UART_DeInit
 .text.UART_ConfigStructInit
                0x0000110c       0x34 /home/david/micromouse/cmsis/lib/libDriversLPC17xxgnu.a(lpc17xx_uart.o)
                0x0000110c                UART_ConfigStructInit
 .text.UART_SendByte
                0x00001140       0x78 /home/david/micromouse/cmsis/lib/libDriversLPC17xxgnu.a(lpc17xx_uart.o)
                0x00001140                UART_SendByte
 .text.UART_ReceiveByte
                0x000011b8       0x78 /home/david/micromouse/cmsis/lib/libDriversLPC17xxgnu.a(lpc17xx_uart.o)
                0x000011b8                UART_ReceiveByte
 .text.UART_Send
                0x00001230      0x10c /home/david/micromouse/cmsis/lib/libDriversLPC17xxgnu.a(lpc17xx_uart.o)
                0x00001230                UART_Send
 .text.UART_Receive
                0x0000133c       0xd8 /home/david/micromouse/cmsis/lib/libDriversLPC17xxgnu.a(lpc17xx_uart.o)
                0x0000133c                UART_Receive
 .text.UART_ForceBreak
                0x00001414       0x88 /home/david/micromouse/cmsis/lib/libDriversLPC17xxgnu.a(lpc17xx_uart.o)
                0x00001414                UART_ForceBreak
 .text.UART_IntConfig
                0x0000149c      0x1d0 /home/david/micromouse/cmsis/lib/libDriversLPC17xxgnu.a(lpc17xx_uart.o)
                0x0000149c                UART_IntConfig
 .text.UART_GetLineStatus
                0x0000166c       0x7c /home/david/micromouse/cmsis/lib/libDriversLPC17xxgnu.a(lpc17xx_uart.o)
                0x0000166c                UART_GetLineStatus
 .text.UART_GetIntId
                0x000016e8       0x68 /home/david/micromouse/cmsis/lib/libDriversLPC17xxgnu.a(lpc17xx_uart.o)
                0x000016e8                UART_GetIntId
 .text.UART_CheckBusy
                0x00001750       0x2c /home/david/micromouse/cmsis/lib/libDriversLPC17xxgnu.a(lpc17xx_uart.o)
                0x00001750                UART_CheckBusy
 .text.UART_FIFOConfig
                0x0000177c      0x184 /home/david/micromouse/cmsis/lib/libDriversLPC17xxgnu.a(lpc17xx_uart.o)
                0x0000177c                UART_FIFOConfig
 .text.UART_FIFOConfigStructInit
                0x00001900       0x34 /home/david/micromouse/cmsis/lib/libDriversLPC17xxgnu.a(lpc17xx_uart.o)
                0x00001900                UART_FIFOConfigStructInit
 .text.UART_ABCmd
                0x00001934      0x15c /home/david/micromouse/cmsis/lib/libDriversLPC17xxgnu.a(lpc17xx_uart.o)
                0x00001934                UART_ABCmd
 .text.UART_ABClearIntPending
                0x00001a90       0x88 /home/david/micromouse/cmsis/lib/libDriversLPC17xxgnu.a(lpc17xx_uart.o)
                0x00001a90                UART_ABClearIntPending
 .text.UART_TxCmd
                0x00001b18       0xe8 /home/david/micromouse/cmsis/lib/libDriversLPC17xxgnu.a(lpc17xx_uart.o)
                0x00001b18                UART_TxCmd
 .text.UART_IrDAInvtInputCmd
                0x00001c00       0x84 /home/david/micromouse/cmsis/lib/libDriversLPC17xxgnu.a(lpc17xx_uart.o)
                0x00001c00                UART_IrDAInvtInputCmd
 .text.UART_IrDACmd
                0x00001c84       0x80 /home/david/micromouse/cmsis/lib/libDriversLPC17xxgnu.a(lpc17xx_uart.o)
                0x00001c84                UART_IrDACmd
 .text.UART_IrDAPulseDivConfig
                0x00001d04       0xac /home/david/micromouse/cmsis/lib/libDriversLPC17xxgnu.a(lpc17xx_uart.o)
                0x00001d04                UART_IrDAPulseDivConfig
 .text.UART_FullModemForcePinState
                0x00001db0       0xcc /home/david/micromouse/cmsis/lib/libDriversLPC17xxgnu.a(lpc17xx_uart.o)
                0x00001db0                UART_FullModemForcePinState
 .text.UART_FullModemConfigMode
                0x00001e7c       0xd8 /home/david/micromouse/cmsis/lib/libDriversLPC17xxgnu.a(lpc17xx_uart.o)
                0x00001e7c                UART_FullModemConfigMode
 .text.UART_FullModemGetStatus
                0x00001f54       0x38 /home/david/micromouse/cmsis/lib/libDriversLPC17xxgnu.a(lpc17xx_uart.o)
                0x00001f54                UART_FullModemGetStatus
 .text.UART_RS485Config
                0x00001f8c      0x1bc /home/david/micromouse/cmsis/lib/libDriversLPC17xxgnu.a(lpc17xx_uart.o)
                0x00001f8c                UART_RS485Config
 .text.UART_RS485ReceiverCmd
                0x00002148       0x48 /home/david/micromouse/cmsis/lib/libDriversLPC17xxgnu.a(lpc17xx_uart.o)
                0x00002148                UART_RS485ReceiverCmd
 .text.UART_RS485Send
                0x00002190       0x84 /home/david/micromouse/cmsis/lib/libDriversLPC17xxgnu.a(lpc17xx_uart.o)
                0x00002190                UART_RS485Send
 .text.UART_RS485SendSlvAddr
                0x00002214       0x28 /home/david/micromouse/cmsis/lib/libDriversLPC17xxgnu.a(lpc17xx_uart.o)
                0x00002214                UART_RS485SendSlvAddr
 .text.UART_RS485SendData
                0x0000223c       0x28 /home/david/micromouse/cmsis/lib/libDriversLPC17xxgnu.a(lpc17xx_uart.o)
                0x0000223c                UART_RS485SendData
 .text          0x00002264        0x0 /home/david/micromouse/cmsis/lib/libDriversLPC17xxgnu.a(lpc17xx_clkpwr.o)
 .text.CLKPWR_SetPCLKDiv
                0x00002264       0xd4 /home/david/micromouse/cmsis/lib/libDriversLPC17xxgnu.a(lpc17xx_clkpwr.o)
                0x00002264                CLKPWR_SetPCLKDiv
 .text.CLKPWR_GetPCLKSEL
                0x00002338       0x54 /home/david/micromouse/cmsis/lib/libDriversLPC17xxgnu.a(lpc17xx_clkpwr.o)
                0x00002338                CLKPWR_GetPCLKSEL
 .text.CLKPWR_GetPCLK
                0x0000238c       0x70 /home/david/micromouse/cmsis/lib/libDriversLPC17xxgnu.a(lpc17xx_clkpwr.o)
                0x0000238c                CLKPWR_GetPCLK
 .text.CLKPWR_ConfigPPWR
                0x000023fc       0x80 /home/david/micromouse/cmsis/lib/libDriversLPC17xxgnu.a(lpc17xx_clkpwr.o)
                0x000023fc                CLKPWR_ConfigPPWR
 .text.CLKPWR_Sleep
                0x0000247c       0x1c /home/david/micromouse/cmsis/lib/libDriversLPC17xxgnu.a(lpc17xx_clkpwr.o)
                0x0000247c                CLKPWR_Sleep
 .text.CLKPWR_DeepSleep
                0x00002498       0x2c /home/david/micromouse/cmsis/lib/libDriversLPC17xxgnu.a(lpc17xx_clkpwr.o)
                0x00002498                CLKPWR_DeepSleep
 .text.CLKPWR_PowerDown
                0x000024c4       0x2c /home/david/micromouse/cmsis/lib/libDriversLPC17xxgnu.a(lpc17xx_clkpwr.o)
                0x000024c4                CLKPWR_PowerDown
 .text.CLKPWR_DeepPowerDown
                0x000024f0       0x2c /home/david/micromouse/cmsis/lib/libDriversLPC17xxgnu.a(lpc17xx_clkpwr.o)
                0x000024f0                CLKPWR_DeepPowerDown
 .text          0x0000251c        0x0 /home/david/micromouse/cmsis/lib/libDriversLPC17xxgnu.a(lpc17xx_libcfg_default.o)
 .text.check_failed
                0x0000251c        0xc /home/david/micromouse/cmsis/lib/libDriversLPC17xxgnu.a(lpc17xx_libcfg_default.o)
                0x0000251c                check_failed
 .text          0x00002528        0x0 /tools/pkg/sourcery-g++-lite-arm-eabi-2010.09.51-i686-1/bin/../lib/gcc/arm-none-eabi/4.5.1/thumb2/crtend.o
 .text          0x00002528        0x0 /tools/pkg/sourcery-g++-lite-arm-eabi-2010.09.51-i686-1/bin/../lib/gcc/arm-none-eabi/4.5.1/thumb2/crtn.o
 *(.plt)
 *(.gnu.warning)
 *(.glue_7t)
 .glue_7t       0x00000000        0x0 linker stubs
 *(.glue_7)
 .glue_7        0x00000000        0x0 linker stubs
 *(.vfp11_veneer)
 .vfp11_veneer  0x00000000        0x0 linker stubs
 *(.rodata .rodata.* .gnu.linkonce.r.*)
 .rodata        0x00002528       0x1c serial.o
 .rodata        0x00002544       0x10 /home/david/micromouse/cmsis/lib/libDriversLPC17xxgnu.a(lpc17xx_uart.o)
 *(.ARM.extab* .gnu.linkonce.armextab.*)
 .ARM.extab.cs3.reset
                0x00002554        0x0 /home/david/micromouse/cmsis/lib/startup_LPC17xx.o
 *(.gcc_except_table)
 *(.eh_frame_hdr)
 *(.eh_frame)
                0x00002554                . = ALIGN (0x4)
 *(.init)
 .init          0x00002554        0x4 /tools/pkg/sourcery-g++-lite-arm-eabi-2010.09.51-i686-1/bin/../lib/gcc/arm-none-eabi/4.5.1/thumb2/crti.o
                0x00002554                _init
 .init          0x00002558        0x8 /tools/pkg/sourcery-g++-lite-arm-eabi-2010.09.51-i686-1/bin/../lib/gcc/arm-none-eabi/4.5.1/thumb2/crtn.o
                0x00002560                . = ALIGN (0x4)
                0x00002560                __preinit_array_start = .
 *(.preinit_array)
                0x00002560                __preinit_array_end = .
                0x00002560                . = ALIGN (0x4)
                0x00002560                __init_array_start = .
 *(SORT(.init_array.*))
 *(.init_array)
 .init_array    0x00002560        0x4 /tools/pkg/sourcery-g++-lite-arm-eabi-2010.09.51-i686-1/bin/../lib/gcc/arm-none-eabi/4.5.1/thumb2/crtbegin.o
                0x00002564                __init_array_end = .
                0x00002564                . = ALIGN (0x4)
 *crtbegin.o(.ctors)
 *(EXCLUDE_FILE(*crtend.o) .ctors)
 *(SORT(.ctors.*))
 *crtend.o(.ctors)
                0x00002564                . = ALIGN (0x4)
 *(.fini)
 .fini          0x00002564        0x4 /tools/pkg/sourcery-g++-lite-arm-eabi-2010.09.51-i686-1/bin/../lib/gcc/arm-none-eabi/4.5.1/thumb2/crti.o
                0x00002564                _fini
 .fini          0x00002568        0x8 /tools/pkg/sourcery-g++-lite-arm-eabi-2010.09.51-i686-1/bin/../lib/gcc/arm-none-eabi/4.5.1/thumb2/crtn.o
                0x00002570                . = ALIGN (0x4)
                0x00002570                __fini_array_start = .
 *(.fini_array)
 .fini_array    0x00002570        0x4 /tools/pkg/sourcery-g++-lite-arm-eabi-2010.09.51-i686-1/bin/../lib/gcc/arm-none-eabi/4.5.1/thumb2/crtbegin.o
 *(SORT(.fini_array.*))
                0x00002574                __fini_array_end = .
 *crtbegin.o(.dtors)
 *(EXCLUDE_FILE(*crtend.o) .dtors)
 *(SORT(.dtors.*))
 *crtend.o(.dtors)
                0x00002574                . = ALIGN (0x4)
                0x00002574                __cs3_regions = .
                0x00002574        0x4 LONG 0x0
                0x00002578        0x4 LONG 0x2590 __cs3_region_init_ram
                0x0000257c        0x4 LONG 0x10000000 __cs3_region_start_ram
                0x00002580        0x4 LONG 0x10 __cs3_region_init_size_ram
                0x00002584        0x4 LONG 0x8 __cs3_region_zero_size_ram
                0x00002588                __exidx_start = .

.v4_bx          0x00002588        0x0
 .v4_bx         0x00000000        0x0 linker stubs

.ARM.exidx      0x00002588        0x8
 *(.ARM.exidx* .gnu.linkonce.armexidx.*)
 .ARM.exidx.cs3.reset
                0x00002588        0x8 /home/david/micromouse/cmsis/lib/startup_LPC17xx.o
                0x00002590                __exidx_end = .

.text.align     0x00002590        0x0
                0x00002590                . = ALIGN (0x8)
                0x00002590                _etext = .
                0x00080000                __cs3_region_size_rom = 0x80000
                0x00000001                __cs3_region_num = 0x1

.data           0x10000000       0x10 load address 0x00002590
                0x10000000                __cs3_region_start_ram = .
 *(.cs3.region-head.ram)
 *(.jcr)
 .jcr           0x10000000        0x0 /tools/pkg/sourcery-g++-lite-arm-eabi-2010.09.51-i686-1/bin/../lib/gcc/arm-none-eabi/4.5.1/thumb2/crtbegin.o
 .jcr           0x10000000        0x4 /tools/pkg/sourcery-g++-lite-arm-eabi-2010.09.51-i686-1/bin/../lib/gcc/arm-none-eabi/4.5.1/thumb2/crtend.o
 *(.got.plt)
 *(.got)
 *(.shdata)
 *(.data .data.* .gnu.linkonce.d.*)
 .data          0x10000004        0x0 /tools/pkg/sourcery-g++-lite-arm-eabi-2010.09.51-i686-1/bin/../lib/gcc/arm-none-eabi/4.5.1/thumb2/crti.o
 .data          0x10000004        0x4 /tools/pkg/sourcery-g++-lite-arm-eabi-2010.09.51-i686-1/bin/../lib/gcc/arm-none-eabi/4.5.1/thumb2/crtbegin.o
                0x10000004                __dso_handle
 .data          0x10000008        0x0 /tools/pkg/sourcery-g++-lite-arm-eabi-2010.09.51-i686-1/bin/../lib/gcc/arm-none-eabi/4.5.1/../../../../arm-none-eabi/lib/thumb2/libcs3.a(start_c.o)
 .data          0x10000008        0x0 /tools/pkg/sourcery-g++-lite-arm-eabi-2010.09.51-i686-1/bin/../lib/gcc/arm-none-eabi/4.5.1/../../../../arm-none-eabi/lib/thumb2/libc.a(lib_a-init.o)
 .data          0x10000008        0x0 serial.o
 .data          0x10000008        0x0 /home/david/micromouse/cmsis/lib/core_cm3.o
 .data          0x10000008        0x0 /home/david/micromouse/cmsis/lib/system_LPC17xx.o
 .data.SystemCoreClock
                0x10000008        0x4 /home/david/micromouse/cmsis/lib/system_LPC17xx.o
                0x10000008                SystemCoreClock
 .data          0x1000000c        0x0 /home/david/micromouse/cmsis/lib/startup_LPC17xx.o
 .data          0x1000000c        0x0 /tools/pkg/sourcery-g++-lite-arm-eabi-2010.09.51-i686-1/bin/../lib/gcc/arm-none-eabi/4.5.1/../../../../arm-none-eabi/lib/thumb2/libc.a(lib_a-strlen.o)
 .data          0x1000000c        0x0 /home/david/micromouse/cmsis/lib/libDriversLPC17xxgnu.a(lpc17xx_pinsel.o)
 .data          0x1000000c        0x0 /home/david/micromouse/cmsis/lib/libDriversLPC17xxgnu.a(lpc17xx_uart.o)
 .data          0x1000000c        0x0 /home/david/micromouse/cmsis/lib/libDriversLPC17xxgnu.a(lpc17xx_clkpwr.o)
 .data          0x1000000c        0x0 /home/david/micromouse/cmsis/lib/libDriversLPC17xxgnu.a(lpc17xx_libcfg_default.o)
 .data          0x1000000c        0x0 /tools/pkg/sourcery-g++-lite-arm-eabi-2010.09.51-i686-1/bin/../lib/gcc/arm-none-eabi/4.5.1/thumb2/crtend.o
 .data          0x1000000c        0x0 /tools/pkg/sourcery-g++-lite-arm-eabi-2010.09.51-i686-1/bin/../lib/gcc/arm-none-eabi/4.5.1/thumb2/crtn.o
 *(.ram)
                0x10000010                . = ALIGN (0x8)
 *fill*         0x1000000c        0x4 00
                0x10000010                _edata = .

.bss            0x10000010        0x8 load address 0x000025a0
 *(.shbss)
 *(.bss .bss.* .gnu.linkonce.b.*)
 .bss           0x10000010        0x0 /tools/pkg/sourcery-g++-lite-arm-eabi-2010.09.51-i686-1/bin/../lib/gcc/arm-none-eabi/4.5.1/thumb2/crti.o
 .bss           0x10000010        0x1 /tools/pkg/sourcery-g++-lite-arm-eabi-2010.09.51-i686-1/bin/../lib/gcc/arm-none-eabi/4.5.1/thumb2/crtbegin.o
 .bss           0x10000011        0x0 /tools/pkg/sourcery-g++-lite-arm-eabi-2010.09.51-i686-1/bin/../lib/gcc/arm-none-eabi/4.5.1/../../../../arm-none-eabi/lib/thumb2/libcs3.a(start_c.o)
 .bss           0x10000011        0x0 /tools/pkg/sourcery-g++-lite-arm-eabi-2010.09.51-i686-1/bin/../lib/gcc/arm-none-eabi/4.5.1/../../../../arm-none-eabi/lib/thumb2/libc.a(lib_a-init.o)
 .bss           0x10000011        0x0 serial.o
 .bss           0x10000011        0x0 /home/david/micromouse/cmsis/lib/core_cm3.o
 .bss           0x10000011        0x0 /home/david/micromouse/cmsis/lib/system_LPC17xx.o
 .bss           0x10000011        0x0 /home/david/micromouse/cmsis/lib/startup_LPC17xx.o
 .bss           0x10000011        0x0 /tools/pkg/sourcery-g++-lite-arm-eabi-2010.09.51-i686-1/bin/../lib/gcc/arm-none-eabi/4.5.1/../../../../arm-none-eabi/lib/thumb2/libc.a(lib_a-strlen.o)
 .bss           0x10000011        0x0 /home/david/micromouse/cmsis/lib/libDriversLPC17xxgnu.a(lpc17xx_pinsel.o)
 .bss           0x10000011        0x0 /home/david/micromouse/cmsis/lib/libDriversLPC17xxgnu.a(lpc17xx_uart.o)
 .bss           0x10000011        0x0 /home/david/micromouse/cmsis/lib/libDriversLPC17xxgnu.a(lpc17xx_clkpwr.o)
 .bss           0x10000011        0x0 /home/david/micromouse/cmsis/lib/libDriversLPC17xxgnu.a(lpc17xx_libcfg_default.o)
 .bss           0x10000011        0x0 /tools/pkg/sourcery-g++-lite-arm-eabi-2010.09.51-i686-1/bin/../lib/gcc/arm-none-eabi/4.5.1/thumb2/crtend.o
 .bss           0x10000011        0x0 /tools/pkg/sourcery-g++-lite-arm-eabi-2010.09.51-i686-1/bin/../lib/gcc/arm-none-eabi/4.5.1/thumb2/crtn.o
 *(COMMON)
 *(.ram.b)
                0x10000018                . = ALIGN (0x8)
 *fill*         0x10000011        0x7 00
                0x10000018                _end = .
                0x10000018                __end = .

.usb_ram
 *.o(USB_RAM)

.heap           0x10000018     0x1000
 *(.heap)
 .heap          0x10000018     0x1000 /home/david/micromouse/cmsis/lib/startup_LPC17xx.o
                0x10000018                __cs3_heap_start
                0x10001018                __cs3_heap_end

.stack          0x10007f00      0x100
 *(.stack)
 .stack         0x10007f00      0x100 /home/david/micromouse/cmsis/lib/startup_LPC17xx.o
                0x10007f00                __cs3_stack_mem
                0x10008000                _estack = .
                0x10008000                PROVIDE (estack, .)
                0x00002590                __cs3_region_init_ram = LOADADDR (.data)
                0x00000010                __cs3_region_init_size_ram = (_edata - __cs3_region_start_ram)
                0x00000008                __cs3_region_zero_size_ram = (_end - _edata)
                0x00008000                __cs3_region_size_ram = 0x8000
                0x00000001                __cs3_region_num = 0x1

.stab
 *(.stab)

.stabstr
 *(.stabstr)

.debug
 *(.debug)

.line
 *(.line)

.debug_srcinfo
 *(.debug_srcinfo)

.debug_sfnames
 *(.debug_sfnames)

.comment        0x00000000       0x2a
 .comment       0x00000000       0x2a serial.o
                                 0x2b (size before relaxing)
 .comment       0x00000000       0x2b /home/david/micromouse/cmsis/lib/core_cm3.o
 .comment       0x00000000       0x2b /home/david/micromouse/cmsis/lib/system_LPC17xx.o
 .comment       0x00000000       0x2b /home/david/micromouse/cmsis/lib/libDriversLPC17xxgnu.a(lpc17xx_pinsel.o)
 .comment       0x00000000       0x2b /home/david/micromouse/cmsis/lib/libDriversLPC17xxgnu.a(lpc17xx_uart.o)
 .comment       0x00000000       0x2b /home/david/micromouse/cmsis/lib/libDriversLPC17xxgnu.a(lpc17xx_clkpwr.o)
 .comment       0x00000000       0x2b /home/david/micromouse/cmsis/lib/libDriversLPC17xxgnu.a(lpc17xx_libcfg_default.o)

.debug_aranges  0x00000000      0x248
 *(.debug_aranges)
 .debug_aranges
                0x00000000       0x38 serial.o
 .debug_aranges
                0x00000038       0x28 /home/david/micromouse/cmsis/lib/system_LPC17xx.o
 .debug_aranges
                0x00000060       0x28 /home/david/micromouse/cmsis/lib/startup_LPC17xx.o
 .debug_aranges
                0x00000088       0x48 /home/david/micromouse/cmsis/lib/libDriversLPC17xxgnu.a(lpc17xx_pinsel.o)
 .debug_aranges
                0x000000d0      0x100 /home/david/micromouse/cmsis/lib/libDriversLPC17xxgnu.a(lpc17xx_uart.o)
 .debug_aranges
                0x000001d0       0x58 /home/david/micromouse/cmsis/lib/libDriversLPC17xxgnu.a(lpc17xx_clkpwr.o)
 .debug_aranges
                0x00000228       0x20 /home/david/micromouse/cmsis/lib/libDriversLPC17xxgnu.a(lpc17xx_libcfg_default.o)

.debug_pubnames
                0x00000000      0x462
 *(.debug_pubnames)
 .debug_pubnames
                0x00000000       0x6b serial.o
 .debug_pubnames
                0x0000006b       0x4f /home/david/micromouse/cmsis/lib/system_LPC17xx.o
 .debug_pubnames
                0x000000ba       0x59 /home/david/micromouse/cmsis/lib/libDriversLPC17xxgnu.a(lpc17xx_pinsel.o)
 .debug_pubnames
                0x00000113      0x271 /home/david/micromouse/cmsis/lib/libDriversLPC17xxgnu.a(lpc17xx_uart.o)
 .debug_pubnames
                0x00000384       0xbb /home/david/micromouse/cmsis/lib/libDriversLPC17xxgnu.a(lpc17xx_clkpwr.o)
 .debug_pubnames
                0x0000043f       0x23 /home/david/micromouse/cmsis/lib/libDriversLPC17xxgnu.a(lpc17xx_libcfg_default.o)

.debug_info     0x00000000     0x2913
 *(.debug_info .gnu.linkonce.wi.*)
 .debug_info    0x00000000      0x551 serial.o
 .debug_info    0x00000551       0x68 /home/david/micromouse/cmsis/lib/core_cm3.o
 .debug_info    0x000005b9      0x509 /home/david/micromouse/cmsis/lib/system_LPC17xx.o
 .debug_info    0x00000ac2       0xc1 /home/david/micromouse/cmsis/lib/startup_LPC17xx.o
 .debug_info    0x00000b83      0x4b5 /home/david/micromouse/cmsis/lib/libDriversLPC17xxgnu.a(lpc17xx_pinsel.o)
 .debug_info    0x00001038     0x114d /home/david/micromouse/cmsis/lib/libDriversLPC17xxgnu.a(lpc17xx_uart.o)
 .debug_info    0x00002185      0x6c5 /home/david/micromouse/cmsis/lib/libDriversLPC17xxgnu.a(lpc17xx_clkpwr.o)
 .debug_info    0x0000284a       0xc9 /home/david/micromouse/cmsis/lib/libDriversLPC17xxgnu.a(lpc17xx_libcfg_default.o)

.debug_abbrev   0x00000000      0x7aa
 *(.debug_abbrev)
 .debug_abbrev  0x00000000      0x186 serial.o
 .debug_abbrev  0x00000186       0x28 /home/david/micromouse/cmsis/lib/core_cm3.o
 .debug_abbrev  0x000001ae      0x102 /home/david/micromouse/cmsis/lib/system_LPC17xx.o
 .debug_abbrev  0x000002b0       0x12 /home/david/micromouse/cmsis/lib/startup_LPC17xx.o
 .debug_abbrev  0x000002c2      0x11d /home/david/micromouse/cmsis/lib/libDriversLPC17xxgnu.a(lpc17xx_pinsel.o)
 .debug_abbrev  0x000003df      0x1ce /home/david/micromouse/cmsis/lib/libDriversLPC17xxgnu.a(lpc17xx_uart.o)
 .debug_abbrev  0x000005ad      0x195 /home/david/micromouse/cmsis/lib/libDriversLPC17xxgnu.a(lpc17xx_clkpwr.o)
 .debug_abbrev  0x00000742       0x68 /home/david/micromouse/cmsis/lib/libDriversLPC17xxgnu.a(lpc17xx_libcfg_default.o)

.debug_line     0x00000000     0x121f
 *(.debug_line)
 .debug_line    0x00000000      0x167 serial.o
 .debug_line    0x00000167       0x1d /home/david/micromouse/cmsis/lib/core_cm3.o
 .debug_line    0x00000184      0x1e4 /home/david/micromouse/cmsis/lib/system_LPC17xx.o
 .debug_line    0x00000368       0xb1 /home/david/micromouse/cmsis/lib/startup_LPC17xx.o
 .debug_line    0x00000419      0x220 /home/david/micromouse/cmsis/lib/libDriversLPC17xxgnu.a(lpc17xx_pinsel.o)
 .debug_line    0x00000639      0x888 /home/david/micromouse/cmsis/lib/libDriversLPC17xxgnu.a(lpc17xx_uart.o)
 .debug_line    0x00000ec1      0x29a /home/david/micromouse/cmsis/lib/libDriversLPC17xxgnu.a(lpc17xx_clkpwr.o)
 .debug_line    0x0000115b       0xc4 /home/david/micromouse/cmsis/lib/libDriversLPC17xxgnu.a(lpc17xx_libcfg_default.o)

.debug_frame    0x00000000      0x6c8
 *(.debug_frame)
 .debug_frame   0x00000000       0x40 /tools/pkg/sourcery-g++-lite-arm-eabi-2010.09.51-i686-1/bin/../lib/gcc/arm-none-eabi/4.5.1/../../../../arm-none-eabi/lib/thumb2/libcs3.a(start_c.o)
 .debug_frame   0x00000040       0x2c /tools/pkg/sourcery-g++-lite-arm-eabi-2010.09.51-i686-1/bin/../lib/gcc/arm-none-eabi/4.5.1/../../../../arm-none-eabi/lib/thumb2/libc.a(lib_a-init.o)
 .debug_frame   0x0000006c       0x90 serial.o
 .debug_frame   0x000000fc       0x40 /home/david/micromouse/cmsis/lib/system_LPC17xx.o
 .debug_frame   0x0000013c       0x20 /tools/pkg/sourcery-g++-lite-arm-eabi-2010.09.51-i686-1/bin/../lib/gcc/arm-none-eabi/4.5.1/../../../../arm-none-eabi/lib/thumb2/libc.a(lib_a-strlen.o)
 .debug_frame   0x0000015c       0xbc /home/david/micromouse/cmsis/lib/libDriversLPC17xxgnu.a(lpc17xx_pinsel.o)
 .debug_frame   0x00000218      0x3a0 /home/david/micromouse/cmsis/lib/libDriversLPC17xxgnu.a(lpc17xx_uart.o)
 .debug_frame   0x000005b8       0xe4 /home/david/micromouse/cmsis/lib/libDriversLPC17xxgnu.a(lpc17xx_clkpwr.o)
 .debug_frame   0x0000069c       0x2c /home/david/micromouse/cmsis/lib/libDriversLPC17xxgnu.a(lpc17xx_libcfg_default.o)

.debug_str      0x00000000     0x109f
 *(.debug_str)
 .debug_str     0x00000000      0x3a3 serial.o
                                0x3ed (size before relaxing)
 .debug_str     0x000003a3       0x42 /home/david/micromouse/cmsis/lib/core_cm3.o
                                 0xd2 (size before relaxing)
 .debug_str     0x000003e5      0x1d9 /home/david/micromouse/cmsis/lib/system_LPC17xx.o
                                0x2d5 (size before relaxing)
 .debug_str     0x000005be      0x235 /home/david/micromouse/cmsis/lib/libDriversLPC17xxgnu.a(lpc17xx_pinsel.o)
                                0x359 (size before relaxing)
 .debug_str     0x000007f3      0x7b8 /home/david/micromouse/cmsis/lib/libDriversLPC17xxgnu.a(lpc17xx_uart.o)
                                0xb32 (size before relaxing)
 .debug_str     0x00000fab       0xc4 /home/david/micromouse/cmsis/lib/libDriversLPC17xxgnu.a(lpc17xx_clkpwr.o)
                                0x380 (size before relaxing)
 .debug_str     0x0000106f       0x30 /home/david/micromouse/cmsis/lib/libDriversLPC17xxgnu.a(lpc17xx_libcfg_default.o)
                                0x107 (size before relaxing)

.debug_loc      0x00000000      0xaaa
 *(.debug_loc)
 .debug_loc     0x00000000       0xe0 serial.o
 .debug_loc     0x000000e0       0x58 /home/david/micromouse/cmsis/lib/system_LPC17xx.o
 .debug_loc     0x00000138      0x150 /home/david/micromouse/cmsis/lib/libDriversLPC17xxgnu.a(lpc17xx_pinsel.o)
 .debug_loc     0x00000288      0x65a /home/david/micromouse/cmsis/lib/libDriversLPC17xxgnu.a(lpc17xx_uart.o)
 .debug_loc     0x000008e2      0x190 /home/david/micromouse/cmsis/lib/libDriversLPC17xxgnu.a(lpc17xx_clkpwr.o)
 .debug_loc     0x00000a72       0x38 /home/david/micromouse/cmsis/lib/libDriversLPC17xxgnu.a(lpc17xx_libcfg_default.o)

.debug_macinfo
 *(.debug_macinfo)

.debug_weaknames
 *(.debug_weaknames)

.debug_funcnames
 *(.debug_funcnames)

.debug_typenames
 *(.debug_typenames)

.debug_varnames
 *(.debug_varnames)

.note.gnu.arm.ident
 *(.note.gnu.arm.ident)

.ARM.attributes
                0x00000000       0x25
 *(.ARM.attributes)
 .ARM.attributes
                0x00000000       0x19 /tools/pkg/sourcery-g++-lite-arm-eabi-2010.09.51-i686-1/bin/../lib/gcc/arm-none-eabi/4.5.1/thumb2/crti.o
 .ARM.attributes
                0x00000019       0x29 /tools/pkg/sourcery-g++-lite-arm-eabi-2010.09.51-i686-1/bin/../lib/gcc/arm-none-eabi/4.5.1/thumb2/crtbegin.o
 .ARM.attributes
                0x00000042       0x29 /tools/pkg/sourcery-g++-lite-arm-eabi-2010.09.51-i686-1/bin/../lib/gcc/arm-none-eabi/4.5.1/../../../../arm-none-eabi/lib/thumb2/libcs3.a(start_c.o)
 .ARM.attributes
                0x0000006b       0x29 /tools/pkg/sourcery-g++-lite-arm-eabi-2010.09.51-i686-1/bin/../lib/gcc/arm-none-eabi/4.5.1/../../../../arm-none-eabi/lib/thumb2/libc.a(lib_a-init.o)
 .ARM.attributes
                0x00000094       0x31 serial.o
 .ARM.attributes
                0x000000c5       0x31 /home/david/micromouse/cmsis/lib/core_cm3.o
 .ARM.attributes
                0x000000f6       0x31 /home/david/micromouse/cmsis/lib/system_LPC17xx.o
 .ARM.attributes
                0x00000127       0x21 /home/david/micromouse/cmsis/lib/startup_LPC17xx.o
 .ARM.attributes
                0x00000148       0x29 /tools/pkg/sourcery-g++-lite-arm-eabi-2010.09.51-i686-1/bin/../lib/gcc/arm-none-eabi/4.5.1/../../../../arm-none-eabi/lib/thumb2/libc.a(lib_a-strlen.o)
 .ARM.attributes
                0x00000171       0x31 /home/david/micromouse/cmsis/lib/libDriversLPC17xxgnu.a(lpc17xx_pinsel.o)
 .ARM.attributes
                0x000001a2       0x31 /home/david/micromouse/cmsis/lib/libDriversLPC17xxgnu.a(lpc17xx_uart.o)
 .ARM.attributes
                0x000001d3       0x31 /home/david/micromouse/cmsis/lib/libDriversLPC17xxgnu.a(lpc17xx_clkpwr.o)
 .ARM.attributes
                0x00000204       0x31 /home/david/micromouse/cmsis/lib/libDriversLPC17xxgnu.a(lpc17xx_libcfg_default.o)
 .ARM.attributes
                0x00000235       0x29 /tools/pkg/sourcery-g++-lite-arm-eabi-2010.09.51-i686-1/bin/../lib/gcc/arm-none-eabi/4.5.1/thumb2/crtend.o
 .ARM.attributes
                0x0000025e       0x19 /tools/pkg/sourcery-g++-lite-arm-eabi-2010.09.51-i686-1/bin/../lib/gcc/arm-none-eabi/4.5.1/thumb2/crtn.o

/DISCARD/
 *(.note.GNU-stack)
LOAD serial.o
LOAD /home/david/micromouse/cmsis/lib/core_cm3.o
LOAD /home/david/micromouse/cmsis/lib/system_LPC17xx.o
LOAD /home/david/micromouse/cmsis/lib/startup_LPC17xx.o
LOAD /tools/pkg/sourcery-g++-lite-arm-eabi-2010.09.51-i686-1/bin/../lib/gcc/arm-none-eabi/4.5.1/../../../../arm-none-eabi/lib/thumb2/libc.a
LOAD /tools/pkg/sourcery-g++-lite-arm-eabi-2010.09.51-i686-1/bin/../lib/gcc/arm-none-eabi/4.5.1/../../../../arm-none-eabi/lib/thumb2/libg.a
LOAD /tools/pkg/sourcery-g++-lite-arm-eabi-2010.09.51-i686-1/bin/../lib/gcc/arm-none-eabi/4.5.1/../../../../arm-none-eabi/lib/thumb2/libstdc++.a
LOAD /tools/pkg/sourcery-g++-lite-arm-eabi-2010.09.51-i686-1/bin/../lib/gcc/arm-none-eabi/4.5.1/../../../../arm-none-eabi/lib/thumb2/libsupc++.a
LOAD /tools/pkg/sourcery-g++-lite-arm-eabi-2010.09.51-i686-1/bin/../lib/gcc/arm-none-eabi/4.5.1/thumb2/libgcc.a
LOAD /tools/pkg/sourcery-g++-lite-arm-eabi-2010.09.51-i686-1/bin/../lib/gcc/arm-none-eabi/4.5.1/../../../../arm-none-eabi/lib/thumb2/libm.a
LOAD /home/david/micromouse/cmsis/lib/libDriversLPC17xxgnu.a
START GROUP
LOAD /tools/pkg/sourcery-g++-lite-arm-eabi-2010.09.51-i686-1/bin/../lib/gcc/arm-none-eabi/4.5.1/thumb2/libgcc.a
LOAD /tools/pkg/sourcery-g++-lite-arm-eabi-2010.09.51-i686-1/bin/../lib/gcc/arm-none-eabi/4.5.1/../../../../arm-none-eabi/lib/thumb2/libc.a
END GROUP
LOAD /tools/pkg/sourcery-g++-lite-arm-eabi-2010.09.51-i686-1/bin/../lib/gcc/arm-none-eabi/4.5.1/thumb2/crtend.o
LOAD /tools/pkg/sourcery-g++-lite-arm-eabi-2010.09.51-i686-1/bin/../lib/gcc/arm-none-eabi/4.5.1/thumb2/crtn.o
OUTPUT(serial elf32-littlearm)

.debug_pubtypes
                0x00000000      0x491
 .debug_pubtypes
                0x00000000       0xf7 serial.o
 .debug_pubtypes
                0x000000f7       0x12 /home/david/micromouse/cmsis/lib/core_cm3.o
 .debug_pubtypes
                0x00000109       0x57 /home/david/micromouse/cmsis/lib/system_LPC17xx.o
 .debug_pubtypes
                0x00000160       0x76 /home/david/micromouse/cmsis/lib/libDriversLPC17xxgnu.a(lpc17xx_pinsel.o)
 .debug_pubtypes
                0x000001d6      0x225 /home/david/micromouse/cmsis/lib/libDriversLPC17xxgnu.a(lpc17xx_uart.o)
 .debug_pubtypes
                0x000003fb       0x6b /home/david/micromouse/cmsis/lib/libDriversLPC17xxgnu.a(lpc17xx_clkpwr.o)
 .debug_pubtypes
                0x00000466       0x2b /home/david/micromouse/cmsis/lib/libDriversLPC17xxgnu.a(lpc17xx_libcfg_default.o)

.debug_ranges   0x00000000      0x1e0
 .debug_ranges  0x00000000       0x28 serial.o
 .debug_ranges  0x00000028       0x18 /home/david/micromouse/cmsis/lib/system_LPC17xx.o
 .debug_ranges  0x00000040       0x20 /home/david/micromouse/cmsis/lib/startup_LPC17xx.o
 .debug_ranges  0x00000060       0x38 /home/david/micromouse/cmsis/lib/libDriversLPC17xxgnu.a(lpc17xx_pinsel.o)
 .debug_ranges  0x00000098       0xf0 /home/david/micromouse/cmsis/lib/libDriversLPC17xxgnu.a(lpc17xx_uart.o)
 .debug_ranges  0x00000188       0x48 /home/david/micromouse/cmsis/lib/libDriversLPC17xxgnu.a(lpc17xx_clkpwr.o)
 .debug_ranges  0x000001d0       0x10 /home/david/micromouse/cmsis/lib/libDriversLPC17xxgnu.a(lpc17xx_libcfg_default.o)
